icon-thorn@160.png                    40 KB
icon-sap@160.png                      42 KB
icon-bloom@160.png                    34 KB
icon-prism@160.png                    28 KB
icon-hedge@160.png                    42 KB
icon-ember@160.png                    33 KB
icon-lantern@160.png                  21 KB
icon-wood@160.png                     41 KB
icon-rock@160.png                     43 KB
icon-iron@160.png                     28 KB
icon-diamond@160.png                  34 KB
icon-coin@160.png                     44 KB
icon-life@160.png                     35 KB
tower-thorn-l1@256.png               105 KB
tower-thorn-l2@256.png               100 KB
tower-thorn-l3@256.png                97 KB
tower-sap-l1@256.png                 118 KB
tower-sap-l2@256.png                 127 KB
tower-sap-l3@256.png                 131 KB
tower-bloom-l1@256.png               107 KB
tower-bloom-l2@256.png               111 KB
tower-bloom-l3@256.png               116 KB
tower-prism-l1@256.png               121 KB
tower-prism-l2@256.png               131 KB
tower-prism-l3@256.png               107 KB
tower-hedge-l1@256.png               144 KB
tower-hedge-l2@256.png               143 KB
tower-hedge-l3@256.png               137 KB
tower-ember-l1@256.png               116 KB
tower-ember-l2@256.png               124 KB
tower-ember-l3@256.png               125 KB
tower-lantern-l1@256.png             109 KB
tower-lantern-l2@256.png             112 KB
tower-lantern-l3@256.png             130 KB
enemy-grub@192.png                    36 KB
enemy-runner@192.png                  26 KB
enemy-armor@192.png                   39 KB
enemy-moth@192.png                    39 KB
enemy-brood@256.png                   85 KB
enemy-grubling@192.png                38 KB
enemy-warden@192.png                  51 KB
enemy-boss@256.png                    84 KB
tile-meadow-a@256.webp                 9 KB
tile-meadow-b@256.webp                 8 KB
tile-meadow-c@256.webp                 8 KB
tile-path@256.webp                    18 KB
ground-outer@512.webp                 62 KB
apron-wood@512.webp                   39 KB
gate-entry@256.png                    87 KB
gate-exit@256.png                     57 KB
prop-tree-a@256.png                  115 KB
prop-tree-b@256.png                  113 KB
prop-tree-c@256.png                   85 KB
prop-rock-a@160.png                   44 KB
prop-rock-b@160.png                   45 KB
prop-flowers-a@160.png                42 KB
prop-flowers-b@160.png                50 KB
prop-stump@160.png                    39 KB

58 files, 4.09 MB in public/art/
